Last login: Sat Nov 11 22:39:50 on ttys000
gvidopelse@Gvidos-MacBook-Air ~ % cd Desktop
gvidopelse@Gvidos-MacBook-Air Desktop % ls
1PD_WEB_Gvido_Pelse			arrayofobjects.zip
1PD_WEB_Gvido_Pelse.zip			clock.jar
Binance					cyberpunk1.png
CV_Gvido_Pelse.pdf			flexbox-cheatsheet.pdf
Dokumenti				flexbox-cheatsheetpr.pdf
Dream It - TrackTribe.wav		flexboxsheet.pdf
Eclipse					git_cheat_sheet.pages
Elena_Pelse_CV.pdf			he-needs-some-milk-vine.wav
Grāmatas				html
HTML_					html-boilerplate
LTPC					html_faili
MySQLWorkbench				pass.zip
Obsidian Vault				poem.txt
Screenshot 2023-11-08 at 22.22.40.png	punk.png
Sublime Text.app			repos
Visual Studio Code.app			shiet.wav
gvidopelse@Gvidos-MacBook-Air Desktop % cd repos
gvidopelse@Gvidos-MacBook-Air repos % git clone git@github.com:Trilloux/odin-recipes.git
Cloning into 'odin-recipes'...
Enter passphrase for key '/Users/gvidopelse/.ssh/id_ed25519': 
warning: You appear to have cloned an empty repository.
gvidopelse@Gvidos-MacBook-Air repos % ls
git-test	odin-recipes
gvidopelse@Gvidos-MacBook-Air repos % cd odin-recipes
gvidopelse@Gvidos-MacBook-Air odin-recipes %             
gvidopelse@Gvidos-MacBook-Air odin-recipes % ls
gvidopelse@Gvidos-MacBook-Air odin-recipes % cd Desktop
cd: no such file or directory: Desktop
gvidopelse@Gvidos-MacBook-Air odin-recipes % cd ../
gvidopelse@Gvidos-MacBook-Air repos % ls 
git-test	odin-recipes
gvidopelse@Gvidos-MacBook-Air repos % rm odin-recipes
rm: odin-recipes: is a directory
gvidopelse@Gvidos-MacBook-Air repos % ls
git-test	odin-recipes
gvidopelse@Gvidos-MacBook-Air repos % rmdir odin-recipes
rmdir: odin-recipes: Directory not empty
gvidopelse@Gvidos-MacBook-Air repos % ls
git-test
gvidopelse@Gvidos-MacBook-Air repos % cd ../
gvidopelse@Gvidos-MacBook-Air Desktop % ls
1PD_WEB_Gvido_Pelse			arrayofobjects.zip
1PD_WEB_Gvido_Pelse.zip			clock.jar
Binance					cyberpunk1.png
CV_Gvido_Pelse.pdf			flexbox-cheatsheet.pdf
Dokumenti				flexbox-cheatsheetpr.pdf
Dream It - TrackTribe.wav		flexboxsheet.pdf
Eclipse					git_cheat_sheet.pages
Elena_Pelse_CV.pdf			he-needs-some-milk-vine.wav
Grāmatas				html
HTML_					html-boilerplate
LTPC					html_faili
MySQLWorkbench				pass.zip
Obsidian Vault				poem.txt
Screenshot 2023-11-08 at 22.22.40.png	punk.png
Sublime Text.app			repos
Visual Studio Code.app			shiet.wav
gvidopelse@Gvidos-MacBook-Air Desktop % cd repos
gvidopelse@Gvidos-MacBook-Air repos % git clone git@github.com:rexlexfex/odin-recipes.git
Cloning into 'odin-recipes'...
Enter passphrase for key '/Users/gvidopelse/.ssh/id_ed25519': 
remote: Enumerating objects: 126, done.
remote: Counting objects: 100% (126/126), done.
remote: Compressing objects: 100% (92/92), done.
remote: Total 126 (delta 41), reused 110 (delta 33), pack-reused 0
Receiving objects: 100% (126/126), 6.48 MiB | 6.25 MiB/s, done.
Resolving deltas: 100% (41/41), done.
gvidopelse@Gvidos-MacBook-Air repos % cd odin-recipes
gvidopelse@Gvidos-MacBook-Air odin-recipes % cd ../
gvidopelse@Gvidos-MacBook-Air .Trash % cd
gvidopelse@Gvidos-MacBook-Air ~ % ls
Applications			arhivsGP
Cisco Packet Tracer 8.2.1	atputaGP
Desktop				darbi
DesktopDesktopGvido4321		darbiGP
DesktopGvido1			darbiGP,
DesktopGvidoPe			darbiGP.dir
DesktopJaz			eclipse-workspace
Desktop\GP_TEST			folder?<?<>?
Desktop\tests1			folder old
Desktopgggg			future folde
Documents			gramataGP
Downloads			mansGP,
GP				old folder
Library				oslabGP
Movies				patsdGP
Music				pico.save
Nextcloud			prograGP
Pictures			show
Public				spelesGP
PycharmProjects			sveiciens.cpp
Untitled.txt			testiGP
Virtual Machines.localized	tiklsGP
gvidopelse@Gvidos-MacBook-Air ~ % cd Desktop
gvidopelse@Gvidos-MacBook-Air Desktop % cd repos
gvidopelse@Gvidos-MacBook-Air repos % ls
git-test
gvidopelse@Gvidos-MacBook-Air repos % git clone git@github.com:Trilloux/odin-recipes.git
Cloning into 'odin-recipes'...
Enter passphrase for key '/Users/gvidopelse/.ssh/id_ed25519': 
remote: Enumerating objects: 3, done.
remote: Counting objects: 100% (3/3), done.
remote: Total 3 (delta 0), reused 0 (delta 0), pack-reused 0
Receiving objects: 100% (3/3), done.
gvidopelse@Gvidos-MacBook-Air repos % ls 
git-test	odin-recipes
gvidopelse@Gvidos-MacBook-Air repos % cd odin-recipes
gvidopelse@Gvidos-MacBook-Air odin-recipes % open README.md
gvidopelse@Gvidos-MacBook-Air odin-recipes % ls
README.md
gvidopelse@Gvidos-MacBook-Air odin-recipes % touch index.html
gvidopelse@Gvidos-MacBook-Air odin-recipes % open index.html
gvidopelse@Gvidos-MacBook-Air odin-recipes % vsc index.html
zsh: command not found: vsc
gvidopelse@Gvidos-MacBook-Air odin-recipes % code index.html
gvidopelse@Gvidos-MacBook-Air odin-recipes % ls
README.md	index.html
gvidopelse@Gvidos-MacBook-Air odin-recipes % mkdir recipes
gvidopelse@Gvidos-MacBook-Air odin-recipes % cd recipes
gvidopelse@Gvidos-MacBook-Air recipes % touch stake.html
gvidopelse@Gvidos-MacBook-Air recipes % code stake.html
gvidopelse@Gvidos-MacBook-Air recipes % touch carbonara.html
gvidopelse@Gvidos-MacBook-Air recipes % code carbonara.html
gvidopelse@Gvidos-MacBook-Air recipes % touch cheeseburger.html
gvidopelse@Gvidos-MacBook-Air recipes % code cheeseburger.html
gvidopelse@Gvidos-MacBook-Air recipes % ls
carbonara.html		cheeseburger.html	steak.html
gvidopelse@Gvidos-MacBook-Air recipes % cd ../
gvidopelse@Gvidos-MacBook-Air odin-recipes % ls
PIC		README.md	index.html	recipes
gvidopelse@Gvidos-MacBook-Air odin-recipes % touch recipes.css
gvidopelse@Gvidos-MacBook-Air odin-recipes % code recipes.css
gvidopelse@Gvidos-MacBook-Air odin-recipes % cd ../            
gvidopelse@Gvidos-MacBook-Air repos % ls
git-test	odin-recipes
gvidopelse@Gvidos-MacBook-Air repos % cd odin-recipes
gvidopelse@Gvidos-MacBook-Air odin-recipes % git add index.html
gvidopelse@Gvidos-MacBook-Air odin-recipes % git status
On branch main
Your branch is up to date with 'origin/main'.

Changes to be committed:
  (use "git restore --staged <file>..." to unstage)
	new file:   index.html

Changes not staged for commit:
  (use "git add <file>..." to update what will be committed)
  (use "git restore <file>..." to discard changes in working directory)
	modified:   README.md

Untracked files:
  (use "git add <file>..." to include in what will be committed)
	PIC/
	recipes.css
	recipes/

gvidopelse@Gvidos-MacBook-Air odin-recipes % git add recipes.css
gvidopelse@Gvidos-MacBook-Air odin-recipes % git status
On branch main
Your branch is up to date with 'origin/main'.

Changes to be committed:
  (use "git restore --staged <file>..." to unstage)
	new file:   index.html
	new file:   recipes.css

Changes not staged for commit:
  (use "git add <file>..." to update what will be committed)
  (use "git restore <file>..." to discard changes in working directory)
	modified:   README.md

Untracked files:
  (use "git add <file>..." to include in what will be committed)
	PIC/
	recipes/

gvidopelse@Gvidos-MacBook-Air odin-recipes % git commit -m "Add index.html"
[main b23bcb1] Add index.html
 2 files changed, 79 insertions(+)
 create mode 100644 index.html
 create mode 100644 recipes.css
gvidopelse@Gvidos-MacBook-Air odin-recipes % git status
On branch main
Your branch is ahead of 'origin/main' by 1 commit.
  (use "git push" to publish your local commits)

Changes not staged for commit:
  (use "git add <file>..." to update what will be committed)
  (use "git restore <file>..." to discard changes in working directory)
	modified:   README.md

Untracked files:
  (use "git add <file>..." to include in what will be committed)
	PIC/
	recipes/

no changes added to commit (use "git add" and/or "git commit -a")
gvidopelse@Gvidos-MacBook-Air odin-recipes % git log
commit b23bcb175090698181709561f02d25f77844c79c (HEAD -> main)
Author: Trilloux <gvido.pelse@gmail.com>
Date:   Tue Nov 14 23:17:53 2023 +0100

    Add index.html

commit f2073998e9048533ec93da3cc1a85d996acbe580 (origin/main, origin/HEAD)
Author: Trilloux <126387872+Trilloux@users.noreply.github.com>
Date:   Tue Nov 14 21:09:15 2023 +0100

    Initial commit
gvidopelse@Gvidos-MacBook-Air odin-recipes % git push
Enter passphrase for key '/Users/gvidopelse/.ssh/id_ed25519': 
Enumerating objects: 5, done.
Counting objects: 100% (5/5), done.
Delta compression using up to 8 threads
Compressing objects: 100% (4/4), done.
Writing objects: 100% (4/4), 1.02 KiB | 1.02 MiB/s, done.
Total 4 (delta 0), reused 0 (delta 0), pack-reused 0
To github.com:Trilloux/odin-recipes.git
   f207399..b23bcb1  main -> main
gvidopelse@Gvidos-MacBook-Air odin-recipes % pwd     
/Users/gvidopelse/Desktop/repos/odin-recipes
gvidopelse@Gvidos-MacBook-Air odin-recipes % cd recipes
gvidopelse@Gvidos-MacBook-Air recipes % git add steak.html
gvidopelse@Gvidos-MacBook-Air recipes % cd ../  
gvidopelse@Gvidos-MacBook-Air odin-recipes % pwd
/Users/gvidopelse/Desktop/repos/odin-recipes
gvidopelse@Gvidos-MacBook-Air odin-recipes % git add recipes.css
gvidopelse@Gvidos-MacBook-Air odin-recipes % git add recipes
gvidopelse@Gvidos-MacBook-Air odin-recipes % git add PIC
gvidopelse@Gvidos-MacBook-Air odin-recipes % git status
On branch main
Your branch is up to date with 'origin/main'.

Changes to be committed:
  (use "git restore --staged <file>..." to unstage)
	new file:   PIC/carbonara.png
	new file:   PIC/cheeseburger .png
	new file:   PIC/home.png
	new file:   PIC/steak.png
	modified:   recipes.css
	new file:   recipes/carbonara.html
	new file:   recipes/cheeseburger.html
	new file:   recipes/steak.html

Changes not staged for commit:
  (use "git add <file>..." to update what will be committed)
  (use "git restore <file>..." to discard changes in working directory)
	modified:   README.md
	modified:   index.html

gvidopelse@Gvidos-MacBook-Air odin-recipes % git commit -m"Add htmls,pics,update css"
[main cabfb8c] Add htmls,pics,update css
 8 files changed, 152 insertions(+), 6 deletions(-)
 create mode 100644 PIC/carbonara.png
 create mode 100644 PIC/cheeseburger .png
 create mode 100644 PIC/home.png
 create mode 100644 PIC/steak.png
 create mode 100644 recipes/carbonara.html
 create mode 100644 recipes/cheeseburger.html
 create mode 100644 recipes/steak.html
gvidopelse@Gvidos-MacBook-Air odin-recipes % git status
On branch main
Your branch is ahead of 'origin/main' by 1 commit.
  (use "git push" to publish your local commits)

Changes not staged for commit:
  (use "git add <file>..." to update what will be committed)
  (use "git restore <file>..." to discard changes in working directory)
	modified:   README.md
	modified:   index.html

no changes added to commit (use "git add" and/or "git commit -a")
gvidopelse@Gvidos-MacBook-Air odin-recipes % git push origin main
Enter passphrase for key '/Users/gvidopelse/.ssh/id_ed25519': 
Enumerating objects: 13, done.
Counting objects: 100% (13/13), done.
Delta compression using up to 8 threads
Compressing objects: 100% (10/10), done.
Writing objects: 100% (11/11), 6.61 MiB | 2.23 MiB/s, done.
Total 11 (delta 0), reused 0 (delta 0), pack-reused 0
To github.com:Trilloux/odin-recipes.git
   b23bcb1..cabfb8c  main -> main
gvidopelse@Gvidos-MacBook-Air odin-recipes % git log
commit cabfb8c4f8272b8110e257cdaa63e21561845dc7 (HEAD -> main, origin/main, origin/HEAD)
Author: Trilloux <gvido.pelse@gmail.com>
Date:   Wed Nov 15 22:14:56 2023 +0100

    Add htmls,pics,update css

commit b23bcb175090698181709561f02d25f77844c79c
Author: Trilloux <gvido.pelse@gmail.com>
Date:   Tue Nov 14 23:17:53 2023 +0100

    Add index.html

commit f2073998e9048533ec93da3cc1a85d996acbe580
Author: Trilloux <126387872+Trilloux@users.noreply.github.com>
Date:   Tue Nov 14 21:09:15 2023 +0100

    Initial commit
gvidopelse@Gvidos-MacBook-Air odin-recipes % pwd     
/Users/gvidopelse/Desktop/repos/odin-recipes
gvidopelse@Gvidos-MacBook-Air odin-recipes % cd recipes
gvidopelse@Gvidos-MacBook-Air recipes % ls
carbonara.html		cheeseburger.html	steak.html
gvidopelse@Gvidos-MacBook-Air recipes % git add carbonara.html
gvidopelse@Gvidos-MacBook-Air recipes % git commit -m"Update carbonara.html"
[main 31a501f] Update carbonara.html
 1 file changed, 55 insertions(+)
gvidopelse@Gvidos-MacBook-Air recipes % git status
On branch main
Your branch is ahead of 'origin/main' by 1 commit.
  (use "git push" to publish your local commits)

Changes not staged for commit:
  (use "git add <file>..." to update what will be committed)
  (use "git restore <file>..." to discard changes in working directory)
	modified:   ../README.md
	modified:   ../index.html

no changes added to commit (use "git add" and/or "git commit -a")
gvidopelse@Gvidos-MacBook-Air recipes % git push orgin 
fatal: 'orgin' does not appear to be a git repository
fatal: Could not read from remote repository.

Please make sure you have the correct access rights
and the repository exists.
gvidopelse@Gvidos-MacBook-Air recipes % git push orgin main
fatal: 'orgin' does not appear to be a git repository
fatal: Could not read from remote repository.

Please make sure you have the correct access rights
and the repository exists.
gvidopelse@Gvidos-MacBook-Air recipes % git status
On branch main
Your branch is ahead of 'origin/main' by 1 commit.
  (use "git push" to publish your local commits)

Changes not staged for commit:
  (use "git add <file>..." to update what will be committed)
  (use "git restore <file>..." to discard changes in working directory)
	modified:   ../README.md
	modified:   ../index.html

no changes added to commit (use "git add" and/or "git commit -a")
gvidopelse@Gvidos-MacBook-Air recipes % git add carbonara.html
gvidopelse@Gvidos-MacBook-Air recipes % git status
On branch main
Your branch is ahead of 'origin/main' by 1 commit.
  (use "git push" to publish your local commits)

Changes not staged for commit:
  (use "git add <file>..." to update what will be committed)
  (use "git restore <file>..." to discard changes in working directory)
	modified:   ../README.md
	modified:   ../index.html

no changes added to commit (use "git add" and/or "git commit -a")
gvidopelse@Gvidos-MacBook-Air recipes % git log
commit 31a501ff2282952eb6ae0e74343bfde090bc3e2b (HEAD -> main)
Author: Trilloux <gvido.pelse@gmail.com>
Date:   Wed Nov 15 22:33:58 2023 +0100

    Update carbonara.html

commit cabfb8c4f8272b8110e257cdaa63e21561845dc7 (origin/main, origin/HEAD)
Author: Trilloux <gvido.pelse@gmail.com>
Date:   Wed Nov 15 22:14:56 2023 +0100

    Add htmls,pics,update css

commit b23bcb175090698181709561f02d25f77844c79c
Author: Trilloux <gvido.pelse@gmail.com>
Date:   Tue Nov 14 23:17:53 2023 +0100

    Add index.html

commit f2073998e9048533ec93da3cc1a85d996acbe580
Author: Trilloux <126387872+Trilloux@users.noreply.github.com>
Date:   Tue Nov 14 21:09:15 2023 +0100

    Initial commit
gvidopelse@Gvidos-MacBook-Air recipes % git status
On branch main
Your branch is ahead of 'origin/main' by 1 commit.
  (use "git push" to publish your local commits)

Changes not staged for commit:
  (use "git add <file>..." to update what will be committed)
  (use "git restore <file>..." to discard changes in working directory)
	modified:   ../README.md
	modified:   ../index.html

no changes added to commit (use "git add" and/or "git commit -a")
gvidopelse@Gvidos-MacBook-Air recipes % git add carbonara.html
gvidopelse@Gvidos-MacBook-Air recipes % git status
On branch main
Your branch is ahead of 'origin/main' by 1 commit.
  (use "git push" to publish your local commits)

Changes not staged for commit:
  (use "git add <file>..." to update what will be committed)
  (use "git restore <file>..." to discard changes in working directory)
	modified:   ../README.md
	modified:   ../index.html

no changes added to commit (use "git add" and/or "git commit -a")
gvidopelse@Gvidos-MacBook-Air recipes % git log
commit 31a501ff2282952eb6ae0e74343bfde090bc3e2b (HEAD -> main)
Author: Trilloux <gvido.pelse@gmail.com>
Date:   Wed Nov 15 22:33:58 2023 +0100

    Update carbonara.html

commit cabfb8c4f8272b8110e257cdaa63e21561845dc7 (origin/main, origin/HEAD)
Author: Trilloux <gvido.pelse@gmail.com>
Date:   Wed Nov 15 22:14:56 2023 +0100

    Add htmls,pics,update css

commit b23bcb175090698181709561f02d25f77844c79c
Author: Trilloux <gvido.pelse@gmail.com>
Date:   Tue Nov 14 23:17:53 2023 +0100

    Add index.html

commit f2073998e9048533ec93da3cc1a85d996acbe580
Author: Trilloux <126387872+Trilloux@users.noreply.github.com>
Date:   Tue Nov 14 21:09:15 2023 +0100

    Initial commit
gvidopelse@Gvidos-MacBook-Air recipes % git status
On branch main
Your branch is ahead of 'origin/main' by 1 commit.
  (use "git push" to publish your local commits)

Changes not staged for commit:
  (use "git add <file>..." to update what will be committed)
  (use "git restore <file>..." to discard changes in working directory)
	modified:   ../README.md
	modified:   ../index.html

no changes added to commit (use "git add" and/or "git commit -a")
gvidopelse@Gvidos-MacBook-Air recipes % pwd     
/Users/gvidopelse/Desktop/repos/odin-recipes/recipes
gvidopelse@Gvidos-MacBook-Air recipes % ls
carbonara.html		cheeseburger.html	steak.html
gvidopelse@Gvidos-MacBook-Air recipes % git add carbonara.html
gvidopelse@Gvidos-MacBook-Air recipes % git status
On branch main
Your branch is ahead of 'origin/main' by 1 commit.
  (use "git push" to publish your local commits)

Changes not staged for commit:
  (use "git add <file>..." to update what will be committed)
  (use "git restore <file>..." to discard changes in working directory)
	modified:   ../README.md
	modified:   ../index.html

no changes added to commit (use "git add" and/or "git commit -a")
gvidopelse@Gvidos-MacBook-Air recipes % git remove -v
git: 'remove' is not a git command. See 'git --help'.

The most similar command is
	remote
gvidopelse@Gvidos-MacBook-Air recipes % git remote
origin
gvidopelse@Gvidos-MacBook-Air recipes % git add carbonara.html
gvidopelse@Gvidos-MacBook-Air recipes % git status
On branch main
Your branch is ahead of 'origin/main' by 1 commit.
  (use "git push" to publish your local commits)

Changes not staged for commit:
  (use "git add <file>..." to update what will be committed)
  (use "git restore <file>..." to discard changes in working directory)
	modified:   ../README.md
	modified:   ../index.html

no changes added to commit (use "git add" and/or "git commit -a")
gvidopelse@Gvidos-MacBook-Air recipes % git push
Enter passphrase for key '/Users/gvidopelse/.ssh/id_ed25519': 
Enumerating objects: 7, done.
Counting objects: 100% (7/7), done.
Delta compression using up to 8 threads
Compressing objects: 100% (4/4), done.
Writing objects: 100% (4/4), 1.13 KiB | 1.13 MiB/s, done.
Total 4 (delta 1), reused 0 (delta 0), pack-reused 0
remote: Resolving deltas: 100% (1/1), completed with 1 local object.
To github.com:Trilloux/odin-recipes.git
   cabfb8c..31a501f  main -> main
gvidopelse@Gvidos-MacBook-Air recipes % git log
commit 31a501ff2282952eb6ae0e74343bfde090bc3e2b (HEAD -> main, origin/main, origcommit 31a501ff2282952eb6ae0e74343bfde090bc3e2b (HEAD -> main, origin/main, orig
in/HEAD)
Author: Trilloux <gvido.pelse@gmail.com>
Date:   Wed Nov 15 22:33:58 2023 +0100

    Update carbonara.html

commit cabfb8c4f8272b8110e257cdaa63e21561845dc7
Author: Trilloux <gvido.pelse@gmail.com>
Date:   Wed Nov 15 22:14:56 2023 +0100

    Add htmls,pics,update css

commit b23bcb175090698181709561f02d25f77844c79c
Author: Trilloux <gvido.pelse@gmail.com>
Date:   Tue Nov 14 23:17:53 2023 +0100

    Add index.html

commit f2073998e9048533ec93da3cc1a85d996acbe580
Author: Trilloux <126387872+Trilloux@users.noreply.github.com>
Date:   Tue Nov 14 21:09:15 2023 +0100

    Initial commit
 ESCOD
commit 31a501ff2282952eb6ae0e74343bfde090bc3e2b (HEAD -> main, origin/main, orig
commit 31a501ff2282952eb6ae0e74343bfde090bc3e2b (HEAD -> main, origin/main, orig
in/HEAD)
Author: Trilloux <gvido.pelse@gmail.com>
Date:   Wed Nov 15 22:33:58 2023 +0100

    Update carbonara.html

commit cabfb8c4f8272b8110e257cdaa63e21561845dc7
Author: Trilloux <gvido.pelse@gmail.com>
Date:   Wed Nov 15 22:14:56 2023 +0100

    Add htmls,pics,update css

commit b23bcb175090698181709561f02d25f77844c79c
Author: Trilloux <gvido.pelse@gmail.com>
Date:   Tue Nov 14 23:17:53 2023 +0100

    Add index.html

commit f2073998e9048533ec93da3cc1a85d996acbe580
Author: Trilloux <126387872+Trilloux@users.noreply.github.com>
Date:   Tue Nov 14 21:09:15 2023 +0100

 ESCOD
























commit 31a501ff2282952eb6ae0e74343bfde090bc3e2b (HEAD -> main, origin/main, origin/HEAD)
Author: Trilloux <gvido.pelse@gmail.com>
Date:   Wed Nov 15 22:33:58 2023 +0100

    Update carbonara.html

commit cabfb8c4f8272b8110e257cdaa63e21561845dc7
Author: Trilloux <gvido.pelse@gmail.com>
Date:   Wed Nov 15 22:14:56 2023 +0100

    Add htmls,pics,update css

commit b23bcb175090698181709561f02d25f77844c79c
Author: Trilloux <gvido.pelse@gmail.com>
Date:   Tue Nov 14 23:17:53 2023 +0100

    Add index.html

commit f2073998e9048533ec93da3cc1a85d996acbe580
Author: Trilloux <126387872+Trilloux@users.noreply.github.com>
Date:   Tue Nov 14 21:09:15 2023 +0100

 ESCOD
























commit 31a501ff2282952eb6ae0e74343bfde090bc3e2b (HEAD -> main, origin/main, origin/HEAD)
Author: Trilloux <gvido.pelse@gmail.com>
Date:   Wed Nov 15 22:33:58 2023 +0100

    Update carbonara.html

commit cabfb8c4f8272b8110e257cdaa63e21561845dc7
Author: Trilloux <gvido.pelse@gmail.com>
Date:   Wed Nov 15 22:14:56 2023 +0100

    Add htmls,pics,update css

commit b23bcb175090698181709561f02d25f77844c79c
Author: Trilloux <gvido.pelse@gmail.com>
Date:   Tue Nov 14 23:17:53 2023 +0100

    Add index.html

commit f2073998e9048533ec93da3cc1a85d996acbe580
Author: Trilloux <126387872+Trilloux@users.noreply.github.com>
Date:   Tue Nov 14 21:09:15 2023 +0100

 ESCOD
























commit 31a501ff2282952eb6ae0e74343bfde090bc3e2b (HEAD -> main, origin/main, origcommit 31a501ff2282952eb6ae0e74343bfde090bc3e2b (HEAD -> main, origin/main, orig
in/HEAD)
Author: Trilloux <gvido.pelse@gmail.com>
Date:   Wed Nov 15 22:33:58 2023 +0100

    Update carbonara.html

commit cabfb8c4f8272b8110e257cdaa63e21561845dc7
Author: Trilloux <gvido.pelse@gmail.com>
Date:   Wed Nov 15 22:14:56 2023 +0100

    Add htmls,pics,update css

commit b23bcb175090698181709561f02d25f77844c79c
Author: Trilloux <gvido.pelse@gmail.com>
Date:   Tue Nov 14 23:17:53 2023 +0100

    Add index.html

commit f2073998e9048533ec93da3cc1a85d996acbe580
Author: Trilloux <126387872+Trilloux@users.noreply.github.com>
Date:   Tue Nov 14 21:09:15 2023 +0100

    Initial commit
(END)
